New file, no content
